[cuberto.com/index.html]
[backblue.gif]
[fade.gif]
[index.html]
[cuberto.com/assets/css/main21dd.css]
[cuberto.com/apple-touch-icon.png]
[cuberto.com/favicon-32x32.png]
[cuberto.com/favicon-16x16.png]
[cuberto.com/projects/index.html]
[cuberto.com/services/index.html]
[cdn.cuberto.com/cb/img/ulesson/face.jpg]
[cuberto.com/contacts/index.html]
[cuberto.com/tutorials/index.html]
[cuberto.com/about/index.html]
[cuberto.com/services/digital/index.html]
[cdn.cuberto.com/cb/img/riyadh/face.jpg]
[cuberto.com/services/mobile/index.html]
[cuberto.com/services/branding/index.html]
[cuberto.com/projects/ulesson/index.html]
[cdn.cuberto.com/cb/img/ferrumpipe/face.jpg]
[cuberto.com/projects/riyadh/index.html]
[cuberto.com/projects/ferrumpipe/index.html]
[cdn.cuberto.com/cb/img/sleepiest/face.jpg]
[cuberto.com/projects/sleepiest/index.html]
[cdn.cuberto.com/cb/img/flipaclip/face.jpg]
[cuberto.com/projects/flipaclip/index.html]
[cuberto.com/projects/nana/index.html]
[cdn.cuberto.com/cb/img/nana/face.jpg]
[cuberto.com/tutorials/38/index.html]
[cdn.cuberto.com/cb/upload/3a214a858281bfd09e74136e5b32dd4a.jpg]
[cuberto.com/tutorials/37/index.html]
[cdn.cuberto.com/cb/upload/0ec33e34f07bee7de59578aa7ac2d57e.png]
[cdn.cuberto.com/cb/upload/58ab187bb2e2254251c7aa88711210e9.png]
[cuberto.com/tutorials/36/index.html]
[cdn.dribbble.com/users/1615584/screenshots/17627048/dashboard-tech01_1x.jpg]
[cdn.dribbble.com/users/1615584/screenshots/17578107/frame_1171273149_1x.jpg]
[cdn.dribbble.com/users/1615584/screenshots/17510164/group_26557_1x.jpg]
[scontent.cdninstagram.com/v/t51.29350-15/273904340_292563022979683_2235870395097931464_n171b.jpg]
[cdn.dribbble.com/users/4859/screenshots/17505115/netfire_dr_1x.png]
[cdn.dribbble.com/users/4859/screenshots/17467711/act4_2_dr_1x.png]
[cdn.dribbble.com/users/4859/screenshots/17449156/flwr_top_1600_1200_1x.png]
[scontent.cdninstagram.com/v/t51.29350-15/273350401_1159281244837981_1212373606475478645_n2bcd.jpg]
[cdn.dribbble.com/users/4859/screenshots/17420768/filefpundry2_dr_1x.png]
[cdn.dribbble.com/users/1615584/screenshots/17393864/web_1920___395_1x.jpg]
[scontent.cdninstagram.com/v/t51.29350-15/272732314_345132860741002_2489207686172587008_nec24.jpg]
[cdn.dribbble.com/users/4859/screenshots/17379144/act4_3_dr_1x.png]
[cdn.dribbble.com/users/4859/screenshots/17361020/flwr_angle_1600_1200_1x.png]
[cdn.dribbble.com/users/4859/screenshots/17344794/perform_web_dr_1x.png]
[cdn.dribbble.com/users/1615584/screenshots/17305604/crypto_mobile_app_design_1x.jpg]
[scontent.cdninstagram.com/v/t51.29350-15/267669877_578978279831555_5465926714898697467_n02ad.jpg]
[scontent.cdninstagram.com/v/t51.29350-15/266963710_464783251940053_2963383134221845848_n2d09.jpg]
[scontent.cdninstagram.com/v/t51.29350-15/266377664_909201056625615_8324590729122322224_n44ea.jpg]
[scontent.cdninstagram.com/v/t51.29350-15/265300699_633539261177092_6159948113489201055_n981a.jpg]
[scontent.cdninstagram.com/v/t51.29350-15/265367797_389079416306285_7352439791753232135_nc78e.jpg]
[scontent.cdninstagram.com/v/t51.29350-15/264498500_1389852734802318_4004912168895165392_n1826.jpg]
[scontent.cdninstagram.com/v/t51.29350-15/254330824_379187643995125_2712346399009379774_n1b9e.jpg]
[scontent.cdninstagram.com/v/t51.29350-15/251559830_1242545189564723_6320233357898091422_nb1cb.jpg]
[scontent.cdninstagram.com/v/t51.29350-15/252524043_1066735864129079_4921723255460396461_n05ec.jpg]
[scontent.cdninstagram.com/v/t51.29350-15/242878992_1205459803253851_2998497838072998476_nffcc.jpg]
[scontent.cdninstagram.com/v/t51.29350-15/242873840_221412720029966_1438509488522402854_n612d.jpg]
[scontent.cdninstagram.com/v/t51.29350-15/242330957_1136625320196326_7623739528452869007_nffff.jpg]
[scontent.cdninstagram.com/v/t51.29350-15/241880948_556232388928871_4589128812816654593_n36ac.jpg]
[scontent.cdninstagram.com/v/t51.29350-15/241510633_261552795818208_3337290756454514979_nd249.jpg]
[scontent.cdninstagram.com/v/t51.29350-15/241381910_103872365320527_2599888877958333959_n7f5e.jpg]
[scontent.cdninstagram.com/v/t51.29350-15/240949114_973664776532794_4977961001712602294_nc3d7.jpg]
[scontent.cdninstagram.com/v/t51.29350-15/240881874_357769106001385_8969418502277808572_ne344.jpg]
[scontent.cdninstagram.com/v/t51.29350-15/240450025_380269023728082_8186958586427910648_nb554.jpg]
[scontent.cdninstagram.com/v/t51.29350-15/240404762_582051472979524_3574136721975932258_n8ef2.jpg]
[scontent.cdninstagram.com/v/t51.29350-15/238917516_2637528049883972_1193227949434455404_nf7a7.jpg]
[scontent.cdninstagram.com/v/t51.29350-15/239418075_355650342769790_4837407915322224166_n0b6d.jpg]
[scontent.cdninstagram.com/v/t51.29350-15/235303337_200404822111234_4373830994996528230_nc899.jpg]
[cuberto.com/privacy/index.html]
[cuberto.com/assets/js/bundle21dd.js]
[cuberto.com/assets/css/noscript21dd.css]
[mc.yandex.ru/metrika/tag.js]
[pagead2.googlesyndication.com/pagead/js/f.txt]
[cuberto.com/index.html]
[cuberto.com/assets/css/main21dd.css]
[cuberto.com/site.html]
[cuberto.com/safari-pinned-tab.svg]
[cuberto.com/assets/img/sprites/svgspritesc81e.svg]
[cdn.cuberto.com/cb/img/ulesson/cover.png]
[cdn.cuberto.com/cb/img/ferrumpipe/cover.png]
[cdn.cuberto.com/cb/img/sleepiest/cover.png]
[cdn.cuberto.com/cb/img/euroauto/cover.png]
[cdn.cuberto.com/cb/img/puntopago/cover.png]
[cuberto.com/projects/euroauto/index.html]
[cuberto.com/projects/puntopago/index.html]
[cdn.cuberto.com/cb/img/rallyreader/cover.png]
[cuberto.com/projects/rallyreader/index.html]
[cdn.cuberto.com/cb/img/wambi/cover.png]
[cuberto.com/projects/wambi/index.html]
[cdn.cuberto.com/cb/img/monmarche/cover.png]
[cuberto.com/projects/monmarche/index.html]
[cdn.cuberto.com/cb/img/dsx/cover.png]
[cdn.cuberto.com/cb/img/cisco/cover.png]
[cuberto.com/projects/dsx/index.html]
[cuberto.com/projects/cisco/index.html]
[cdn.cuberto.com/cb/img/genesis-branding/cover.png]
[cuberto.com/projects/genesis-branding/index.html]
[cdn.cuberto.com/cb/img/riyadh/cover.png]
[cdn.cuberto.com/cb/img/sigma/cover.png]
[cuberto.com/projects/sigma/index.html]
[cdn.cuberto.com/cb/img/flipaclip/cover.png]
[cdn.cuberto.com/cb/img/genesis/cover.png]
[cuberto.com/projects/genesis/index.html]
[cdn.cuberto.com/cb/img/wickret/cover.png]
[cdn.cuberto.com/cb/img/nana/cover.png]
[cdn.cuberto.com/cb/img/consumervoice/cover.png]
[cuberto.com/projects/wickret/index.html]
[cuberto.com/projects/ohmhealth/index.html]
[cuberto.com/projects/consumervoice/index.html]
[cdn.cuberto.com/cb/img/ohmhealth/cover.png]
[cdn.cuberto.com/cb/img/raiffeisen/cover.png]
[cuberto.com/projects/raiffeisen/index.html]
[cdn.cuberto.com/cb/img/datalight/cover.png]
[cuberto.com/projects/datalight/index.html]
[cdn.cuberto.com/cb/img/dsx-branding/cover.png]
[cuberto.com/projects/index.html]
[cuberto.com/projects/dsx-branding/index.html]
[cdn.cuberto.com/cb/img/about/1.jpg]
[cuberto.com/assets/img/emoji/1F609.png]
[cuberto.com/assets/img/emoji/261D.png]
[cdn.cuberto.com/cb/img/about/3.jpg]
[cuberto.com/assets/img/emoji/1F60E.png]
[cuberto.com/assets/img/emoji/2764.png]
[cdn.cuberto.com/cb/img/about/4.jpg]
[cdn.cuberto.com/cb/img/about/partners/1.png]
[cdn.cuberto.com/cb/img/about/partners/2.png]
[cdn.cuberto.com/cb/img/about/partners/3.png]
[cdn.cuberto.com/cb/img/about/partners/4.png]
[cdn.cuberto.com/cb/img/about/partners/5.png]
[cdn.cuberto.com/cb/img/about/partners/6.png]
[cdn.cuberto.com/cb/img/about/partners/7.png]
[cdn.cuberto.com/cb/img/about/partners/8.png]
[cdn.cuberto.com/cb/img/about/partners/9.png]
[cuberto.com/docs/feedback/cisco.pdf]
[cuberto.com/docs/feedback/genesis.pdf]
[cuberto.com/docs/feedback/nana.pdf]
[cuberto.com/docs/feedback/ferrumpipe.pdf]
[cuberto.com/docs/feedback/euroauto.pdf]
[cuberto.com/docs/feedback/flipaclip.pdf]
[cuberto.com/docs/feedback/rallyreader.pdf]
[cdn.cuberto.com/cb/img/about/5.jpg]
[cdn.cuberto.com/cb/img/about/6.jpg]
[cuberto.com/about/index.html]
[cdn.cuberto.com/cb/img/services/1.png]
[cdn.cuberto.com/cb/img/services/2.png]
[cdn.cuberto.com/cb/img/services/3c81e.jpg]
[cdn.cuberto.com/cb/img/services/5.png]
[cdn.cuberto.com/cb/img/services/advantage/2.png]
[cdn.cuberto.com/cb/img/services/advantage/3.png]
[cdn.cuberto.com/cb/img/services/advantage/4.png]
[cuberto.com/services/index.html]
[cdn.cuberto.com/cb/upload/a0970588de9572fd44de62e682e4e97d.png]
[cuberto.com/tutorials/35/index.html]
[cuberto.com/tutorials/34/index.html]
[cdn.cuberto.com/cb/upload/b6ef6d769a932a966d5ccb45fdf289d9.png]
[cdn.cuberto.com/cb/upload/f236dbc901807f18fe6a13c1fd6101a9.png]
[cuberto.com/tutorials/33/index.html]
[cdn.cuberto.com/cb/upload/90203c186845e929aeb77f8548212db3.png]
[cuberto.com/tutorials/32/index.html]
[cdn.cuberto.com/cb/upload/4daf95b912ef627cadbc99ff6625ce3e.png]
[cdn.cuberto.com/cb/upload/21b3f183c355149a4eed6cbc3484c509.png]
[cuberto.com/tutorials/31/index.html]
[cdn.cuberto.com/cb/upload/1aff749ab09514491d12c15a34b62bf9.png]
[cdn.cuberto.com/cb/upload/87e74d642caad71ad174bcae02867ee3.png]
[cdn.cuberto.com/cb/upload/c1754b643b34540be89be962f1c55ebd.png]
[cuberto.com/tutorials/30/index.html]
[cuberto.com/tutorials/29/index.html]
[cdn.cuberto.com/cb/upload/f7149cd056d31c50461610e6c116375f.png]
[cdn.cuberto.com/cb/upload/7bf50d377298bfacc725787806e9c8e3.png]
[cuberto.com/tutorials/28/index.html]
[cdn.cuberto.com/cb/upload/b6a0606e33fa98a08d26f3a2516385d6.png]
[cuberto.com/tutorials/25/index.html]
[cuberto.com/tutorials/27/index.html]
[cuberto.com/tutorials/26/index.html]
[cdn.cuberto.com/cb/upload/67518873e5dceccd80f7f32999ad8edb.png]
[cuberto.com/tutorials/24/index.html]
[cuberto.com/tutorials/23/index.html]
[cuberto.com/tutorials/22/index.html]
[cdn.cuberto.com/cb/upload/f5219e35200acaad17676b639cedde17.png]
[cdn.cuberto.com/cb/upload/5516b0b9c509ae48d3d1589565a9a6d1.png]
[cuberto.com/tutorials/21/index.html]
[cdn.cuberto.com/cb/upload/4df84aca09c1c03d782de3eae2807851.png]
[cuberto.com/tutorials/20/index.html]
[cdn.cuberto.com/cb/upload/7a79c77a65d3992755f59f401e9d2f61.png]
[cuberto.com/tutorials/19/index.html]
[cuberto.com/tutorials/18/index.html]
[cdn.cuberto.com/cb/upload/39077b7345b5ae91e0486bbc0b715069.png]
[cdn.cuberto.com/cb/upload/b347d2324cc0d9ab142206182c4a8d51.png]
[cuberto.com/tutorials/17/index.html]
[cdn.cuberto.com/cb/upload/152cd249a01aaac66e76ff93839aeb53.png]
[cuberto.com/tutorials/16/index.html]
[cdn.cuberto.com/cb/upload/e23484568489eecbe8a3c2c939424068.png]
[cdn.cuberto.com/cb/upload/83b94f3417bfded1c3b1f646580cde15.png]
[cuberto.com/tutorials/14/index.html]
[cuberto.com/tutorials/15/index.html]
[cuberto.com/tutorials/13/index.html]
[cdn.cuberto.com/cb/upload/3028f8ce377ec3c4960a2b697d528195.png]
[cdn.cuberto.com/cb/upload/68752d3b8c6a6612bcdbcd4e9a5ae7ec.png]
[cuberto.com/tutorials/12/index.html]
[cdn.cuberto.com/cb/upload/53ff22215f2dc192538a8750320d1e09.png]
[cuberto.com/tutorials/11/index.html]
[cdn.cuberto.com/cb/upload/7d3fd87069055600dd153cbe9a34e566.png]
[cdn.cuberto.com/cb/upload/3470c19d1b9dbc91fe06cec60a1e21f2.png]
[cuberto.com/tutorials/10/index.html]
[cuberto.com/tutorials/9/index.html]
[cuberto.com/tutorials/8/index.html]
[cdn.cuberto.com/cb/upload/1f39371ec851394136d66d375a759936.png]
[cdn.cuberto.com/cb/upload/e12b1c234b8f36757cc7dd8c9d0514d6.png]
[cuberto.com/tutorials/7/index.html]
[cdn.cuberto.com/cb/upload/159365114414b753b238b15d4db3c038.png]
[cdn.cuberto.com/cb/upload/a817286fae12a8fc6f74574fa77a81fe.png]
[cuberto.com/tutorials/index.html]
[cuberto.com/tutorials/5/index.html]
[cuberto.com/tutorials/6/index.html]
[cuberto.com/assets/img/emoji/lg/1F44B.png]
[cuberto.com/assets/img/emoji/lg/1F44D.png]
[cuberto.com/assets/img/emoji/lg/1F631.png]
[www.google.com/recaptcha/api6579.js]
[cuberto.com/contacts/index.html]
[cdn.cuberto.com/cb/img/services/digital/1.jpg]
[cdn.cuberto.com/cb/img/services/digital/advantage/1.png]
[cdn.cuberto.com/cb/img/services/digital/advantage/2.png]
[cdn.cuberto.com/cb/img/services/digital/advantage/3.png]
[cdn.cuberto.com/cb/img/services/digital/advantage/4.png]
[cuberto.com/services/digital/index.html]
[cdn.cuberto.com/cb/img/services/mobile/1.jpg]
[cuberto.com/services/mobile/index.html]
[cdn.cuberto.com/cb/img/services/branding/1.jpg]
[cdn.cuberto.com/cb/img/services/branding/2eccb.jpg]
[cuberto.com/services/branding/index.html]
[cdn.cuberto.com/cb/img/ulesson/main.jpg]
[cdn.cuberto.com/cb/img/ulesson/1.jpg]
[cdn.cuberto.com/cb/img/ulesson/2.png]
[cdn.cuberto.com/cb/img/ulesson/4.png]
[cdn.cuberto.com/cb/img/ulesson/6.png]
[cdn.cuberto.com/cb/img/ulesson/3.png]
[cdn.cuberto.com/cb/img/ulesson/5.png]
[cdn.cuberto.com/cb/img/ulesson/7.png]
[cdn.cuberto.com/cb/img/ulesson/8.jpg]
[cdn.cuberto.com/cb/img/ulesson/9.png]
[cdn.cuberto.com/cb/img/ulesson/11.png]
[cdn.cuberto.com/cb/img/ulesson/13.png]
[cdn.cuberto.com/cb/img/ulesson/12.png]
[cdn.cuberto.com/cb/img/ulesson/14.png]
[cuberto.com/projects/ulesson/index.html]
[cdn.cuberto.com/cb/img/riyadh/main.jpg]
[cdn.cuberto.com/cb/img/riyadh/1.jpg]
[cdn.cuberto.com/cb/img/riyadh/2.jpg]
[cdn.cuberto.com/cb/img/riyadh/4.jpg]
[cdn.cuberto.com/cb/img/riyadh/3.jpg]
[cdn.cuberto.com/cb/img/riyadh/5.jpg]
[cdn.cuberto.com/cb/img/riyadh/6.jpg]
[cdn.cuberto.com/cb/img/riyadh/8.jpg]
[cdn.cuberto.com/cb/img/riyadh/7.jpg]
[cdn.cuberto.com/cb/img/riyadh/9.jpg]
[cdn.cuberto.com/cb/img/riyadh/11.jpg]
[cdn.cuberto.com/cb/img/riyadh/13.jpg]
[cdn.cuberto.com/cb/img/riyadh/15.jpg]
[cdn.cuberto.com/cb/img/riyadh/10.jpg]
[cdn.cuberto.com/cb/img/riyadh/14.jpg]
[cdn.cuberto.com/cb/img/riyadh/16.jpg]
[cuberto.com/projects/riyadh/index.html]
[cdn.cuberto.com/cb/img/ferrumpipe/main.jpg]
[cdn.cuberto.com/cb/img/ferrumpipe/1.jpg]
[cdn.cuberto.com/cb/img/ferrumpipe/3.jpg]
[cdn.cuberto.com/cb/img/ferrumpipe/5.png]
[cdn.cuberto.com/cb/img/ferrumpipe/7.jpg]
[cdn.cuberto.com/cb/img/ferrumpipe/2.jpg]
[cdn.cuberto.com/cb/img/ferrumpipe/4.png]
[cdn.cuberto.com/cb/img/ferrumpipe/6.png]
[cdn.cuberto.com/cb/img/ferrumpipe/8.jpg]
[cdn.cuberto.com/cb/img/ferrumpipe/9.png]
[cdn.cuberto.com/cb/img/ferrumpipe/11.png]
[cdn.cuberto.com/cb/img/ferrumpipe/12.png]
[cdn.cuberto.com/cb/img/ferrumpipe/13.jpg]
[cdn.cuberto.com/cb/img/ferrumpipe/14.jpg]
[cuberto.com/projects/ferrumpipe/index.html]
[cdn.cuberto.com/cb/img/sleepiest/main.jpg]
[cdn.cuberto.com/cb/img/sleepiest/2.png]
[cdn.cuberto.com/cb/img/sleepiest/4.jpg]
[cdn.cuberto.com/cb/img/sleepiest/6.png]
[cdn.cuberto.com/cb/img/sleepiest/3.png]
[cdn.cuberto.com/cb/img/sleepiest/5.png]
[cdn.cuberto.com/cb/img/sleepiest/7.jpg]
[cdn.cuberto.com/cb/img/sleepiest/8.jpg]
[cdn.cuberto.com/cb/img/sleepiest/9.jpg]
[cdn.cuberto.com/cb/img/sleepiest/10.jpg]
[cdn.cuberto.com/cb/img/sleepiest/13.png]
[cdn.cuberto.com/cb/img/sleepiest/11.jpg]
[cdn.cuberto.com/cb/img/sleepiest/12.jpg]
[cdn.cuberto.com/cb/img/sleepiest/14.jpg]
[cuberto.com/projects/sleepiest/index.html]
[cdn.cuberto.com/cb/img/flipaclip/main.jpg]
[cdn.cuberto.com/cb/img/flipaclip/1.png]
[cdn.cuberto.com/cb/img/flipaclip/2.png]
[cdn.cuberto.com/cb/img/flipaclip/3.png]
[cdn.cuberto.com/cb/img/flipaclip/6.jpg]
[cuberto.com/projects/flipaclip/index.html]
[cdn.cuberto.com/cb/img/nana/main.jpg]
[cdn.cuberto.com/cb/img/nana/2.png]
[cdn.cuberto.com/cb/img/nana/1.jpg]
[cdn.cuberto.com/cb/img/nana/3.png]
[cdn.cuberto.com/cb/img/nana/5.jpg]
[cdn.cuberto.com/cb/img/nana/6.jpg]
[cdn.cuberto.com/cb/img/nana/8.png]
[cdn.cuberto.com/cb/img/nana/7.jpg]
[cdn.cuberto.com/cb/img/nana/9.jpg]
[cdn.cuberto.com/cb/img/nana/10.jpg]
[cuberto.com/projects/nana/index.html]
[cdn.cuberto.com/cb/upload/77461a747c7cc7b1455dfa51dc92e91e.jpg]
[cuberto.com/tutorials/38/index.html]
[cdn.cuberto.com/cb/upload/7f4850f9811eb63332f1df6c48db0b65.png]
[img.youtube.com/vi/fyAQsfZfaUo/maxresdefault.jpg]
[cuberto.com/tutorials/37/index.html]
[cdn.cuberto.com/cb/upload/ea8732f2322054f07e53ab47923d3c7b.png]
[cuberto.com/tutorials/36/index.html]
[cuberto.com/privacy/index.html]
[cuberto.com/assets/css/noscript21dd.css]
[cuberto.com/assets/css/owl.video.play.html]
[cdn.cuberto.com/cb/img/euroauto/main.jpg]
[cdn.cuberto.com/cb/img/euroauto/1.jpg]
[cdn.cuberto.com/cb/img/euroauto/2.png]
[cdn.cuberto.com/cb/img/euroauto/4.jpg]
[cdn.cuberto.com/cb/img/euroauto/6.png]
[cdn.cuberto.com/cb/img/euroauto/3.jpg]
[cdn.cuberto.com/cb/img/euroauto/5.png]
[cdn.cuberto.com/cb/img/euroauto/7.jpg]
[cdn.cuberto.com/cb/img/euroauto/10.png]
[cdn.cuberto.com/cb/img/euroauto/9.jpg]
[cdn.cuberto.com/cb/img/euroauto/11.jpg]
[cuberto.com/projects/euroauto/index.html]
[cdn.cuberto.com/cb/img/puntopago/main.jpg]
[cdn.cuberto.com/cb/img/puntopago/1.png]
[cdn.cuberto.com/cb/img/puntopago/3.png]
[cdn.cuberto.com/cb/img/puntopago/5.png]
[cdn.cuberto.com/cb/img/puntopago/2.jpg]
[cdn.cuberto.com/cb/img/puntopago/4.jpg]
[cdn.cuberto.com/cb/img/puntopago/7.jpg]
[cdn.cuberto.com/cb/img/puntopago/11.jpg]
[cdn.cuberto.com/cb/img/puntopago/8.png]
[cdn.cuberto.com/cb/img/puntopago/12.jpg]
[cdn.cuberto.com/cb/img/puntopago/13.jpg]
[cuberto.com/projects/puntopago/index.html]
[cdn.cuberto.com/cb/img/rallyreader/main.jpg]
[cdn.cuberto.com/cb/img/rallyreader/1.jpg]
[cdn.cuberto.com/cb/img/rallyreader/3.jpg]
[cdn.cuberto.com/cb/img/rallyreader/2.jpg]
[cdn.cuberto.com/cb/img/rallyreader/5.jpg]
[cdn.cuberto.com/cb/img/rallyreader/6.jpg]
[cdn.cuberto.com/cb/img/rallyreader/7.jpg]
[cdn.cuberto.com/cb/img/rallyreader/9.jpg]
[cdn.cuberto.com/cb/img/rallyreader/8.jpg]
[cdn.cuberto.com/cb/img/rallyreader/10.jpg]
[cdn.cuberto.com/cb/img/rallyreader/12.jpg]
[cuberto.com/projects/rallyreader/index.html]
[cdn.cuberto.com/cb/img/wambi/main.jpg]
[cdn.cuberto.com/cb/img/wambi/1.png]
[cdn.cuberto.com/cb/img/wambi/3.jpg]
[cdn.cuberto.com/cb/img/wambi/2.png]
[cdn.cuberto.com/cb/img/wambi/4.png]
[cdn.cuberto.com/cb/img/wambi/5.jpg]
[cdn.cuberto.com/cb/img/wambi/6.png]
[cdn.cuberto.com/cb/img/wambi/8.jpg]
[cdn.cuberto.com/cb/img/wambi/10.png]
[cdn.cuberto.com/cb/img/wambi/7.jpg]
[cdn.cuberto.com/cb/img/wambi/11.jpg]
[cdn.cuberto.com/cb/img/wambi/12.jpg]
[cuberto.com/projects/wambi/index.html]
[cdn.cuberto.com/cb/img/monmarche/main.jpg]
[cdn.cuberto.com/cb/img/monmarche/3.jpg]
[cdn.cuberto.com/cb/img/monmarche/2.jpg]
[cdn.cuberto.com/cb/img/monmarche/4.jpg]
[cdn.cuberto.com/cb/img/monmarche/5.jpg]
[cdn.cuberto.com/cb/img/monmarche/7.jpg]
[cdn.cuberto.com/cb/img/monmarche/6.png]
[cdn.cuberto.com/cb/img/monmarche/8.jpg]
[cdn.cuberto.com/cb/img/monmarche/10.jpg]
[cuberto.com/projects/monmarche/index.html]
[cdn.cuberto.com/cb/img/dsx/main.jpg]
[cdn.cuberto.com/cb/img/dsx/1.jpg]
[cdn.cuberto.com/cb/img/dsx/2.png]
[cdn.cuberto.com/cb/img/dsx/4.jpg]
[cdn.cuberto.com/cb/img/dsx/6.png]
[cdn.cuberto.com/cb/img/dsx/3.png]
[cdn.cuberto.com/cb/img/dsx/5.jpg]
[cdn.cuberto.com/cb/img/dsx/9.png]
[cdn.cuberto.com/cb/img/dsx/8.png]
[cdn.cuberto.com/cb/img/dsx/10.png]
[cdn.cuberto.com/cb/img/dsx/11.png]
[cdn.cuberto.com/cb/img/dsx/13.png]
[cdn.cuberto.com/cb/img/dsx/12.png]
[cdn.cuberto.com/cb/img/dsx/14.png]
[cdn.cuberto.com/cb/img/dsx/16.jpg]
[cuberto.com/projects/dsx/index.html]
[cdn.cuberto.com/cb/img/cisco/1.jpg]
[cdn.cuberto.com/cb/img/cisco/3.png]
[cdn.cuberto.com/cb/img/cisco/5.jpg]
[cdn.cuberto.com/cb/img/cisco/4.jpg]
[cdn.cuberto.com/cb/img/cisco/6.png]
[cdn.cuberto.com/cb/img/cisco/8.jpg]
[cdn.cuberto.com/cb/img/cisco/9.jpg]
[cuberto.com/projects/cisco/index.html]
[cdn.cuberto.com/cb/img/genesis-branding/main.jpg]
[cdn.cuberto.com/cb/img/genesis-branding/1.png]
[cdn.cuberto.com/cb/img/genesis-branding/3.png]
[cdn.cuberto.com/cb/img/genesis-branding/5.png]
[cdn.cuberto.com/cb/img/genesis-branding/2.png]
[cdn.cuberto.com/cb/img/genesis-branding/4.jpg]
[cdn.cuberto.com/cb/img/genesis-branding/6.png]
[cdn.cuberto.com/cb/img/genesis-branding/8.png]
[cdn.cuberto.com/cb/img/genesis-branding/9.jpg]
[cdn.cuberto.com/cb/img/genesis-branding/10.jpg]
[cdn.cuberto.com/cb/img/genesis-branding/11.jpg]
[cdn.cuberto.com/cb/img/genesis-branding/12.jpg]
[cuberto.com/projects/genesis-branding/index.html]
[cdn.cuberto.com/cb/img/sigma/main.jpg]
[cdn.cuberto.com/cb/img/sigma/4.png]
[cdn.cuberto.com/cb/img/sigma/6.png]
[cdn.cuberto.com/cb/img/sigma/5.png]
[cdn.cuberto.com/cb/img/sigma/1.jpg]
[cdn.cuberto.com/cb/img/sigma/7.png]
[cdn.cuberto.com/cb/img/sigma/9.png]
[cdn.cuberto.com/cb/img/sigma/11.png]
[cdn.cuberto.com/cb/img/sigma/8.png]
[cdn.cuberto.com/cb/img/sigma/10.png]
[cdn.cuberto.com/cb/img/sigma/13.jpg]
[cuberto.com/projects/sigma/index.html]
[cdn.cuberto.com/cb/img/genesis/main.jpg]
[cdn.cuberto.com/cb/img/genesis/1.png]
[cdn.cuberto.com/cb/img/genesis/3.png]
[cdn.cuberto.com/cb/img/genesis/2.jpg]
[cdn.cuberto.com/cb/img/genesis/4.jpg]
[cdn.cuberto.com/cb/img/genesis/5.jpg]
[cdn.cuberto.com/cb/img/genesis/7.jpg]
[cdn.cuberto.com/cb/img/genesis/9.jpg]
[cdn.cuberto.com/cb/img/genesis/6.png]
[cdn.cuberto.com/cb/img/genesis/8.jpg]
[cdn.cuberto.com/cb/img/genesis/11.jpg]
[cdn.cuberto.com/cb/img/genesis/12.jpg]
[cdn.cuberto.com/cb/img/genesis/14.png]
[cdn.cuberto.com/cb/img/genesis/16.png]
[cdn.cuberto.com/cb/img/genesis/13.jpg]
[cdn.cuberto.com/cb/img/genesis/15.jpg]
[cdn.cuberto.com/cb/img/genesis/17.jpg]
[cdn.cuberto.com/cb/img/genesis/18.jpg]
[cdn.cuberto.com/cb/img/genesis/19.jpg]
[cuberto.com/projects/genesis/index.html]
[cdn.cuberto.com/cb/img/wickret/main.jpg]
[cdn.cuberto.com/cb/img/wickret/1.png]
[cdn.cuberto.com/cb/img/wickret/5.png]
[cdn.cuberto.com/cb/img/wickret/2.png]
[cdn.cuberto.com/cb/img/wickret/4.png]
[cdn.cuberto.com/cb/img/wickret/6.png]
[cdn.cuberto.com/cb/img/wickret/8.png]
[cdn.cuberto.com/cb/img/wickret/7.png]
[cdn.cuberto.com/cb/img/wickret/10.jpg]
[cdn.cuberto.com/cb/img/wickret/11.jpg]
[cuberto.com/projects/wickret/index.html]
[cdn.cuberto.com/cb/img/consumervoice/main.jpg]
[cdn.cuberto.com/cb/img/consumervoice/2.jpg]
[cdn.cuberto.com/cb/img/consumervoice/3.jpg]
[cdn.cuberto.com/cb/img/consumervoice/5.jpg]
[cdn.cuberto.com/cb/img/consumervoice/7.jpg]
[cdn.cuberto.com/cb/img/consumervoice/4.png]
[cdn.cuberto.com/cb/img/consumervoice/6.jpg]
[cdn.cuberto.com/cb/img/consumervoice/8.jpg]
[cdn.cuberto.com/cb/img/consumervoice/9.jpg]
[cdn.cuberto.com/cb/img/consumervoice/10.jpg]
[cuberto.com/projects/consumervoice/index.html]
[cdn.cuberto.com/cb/img/ohmhealth/main.jpg]
[cdn.cuberto.com/cb/img/ohmhealth/1.jpg]
[cdn.cuberto.com/cb/img/ohmhealth/4.jpg]
[cdn.cuberto.com/cb/img/ohmhealth/3.jpg]
[cdn.cuberto.com/cb/img/ohmhealth/5.jpg]
[cdn.cuberto.com/cb/img/ohmhealth/6.jpg]
[cdn.cuberto.com/cb/img/ohmhealth/7.png]
[cdn.cuberto.com/cb/img/ohmhealth/9.png]
[cdn.cuberto.com/cb/img/ohmhealth/11.png]
[cdn.cuberto.com/cb/img/ohmhealth/8.png]
[cdn.cuberto.com/cb/img/ohmhealth/10.jpg]
[cdn.cuberto.com/cb/img/ohmhealth/12.jpg]
[cdn.cuberto.com/cb/img/ohmhealth/13.jpg]
[cdn.cuberto.com/cb/img/ohmhealth/14.png]
[cdn.cuberto.com/cb/img/ohmhealth/15.jpg]
[cuberto.com/projects/ohmhealth/index.html]
[cdn.cuberto.com/cb/img/raiffeisen/main.jpg]
[cdn.cuberto.com/cb/img/raiffeisen/1.jpg]
[cdn.cuberto.com/cb/img/raiffeisen/4.png]
[cdn.cuberto.com/cb/img/raiffeisen/5.jpg]
[cdn.cuberto.com/cb/img/raiffeisen/6.jpg]
[cuberto.com/projects/raiffeisen/index.html]
[cdn.cuberto.com/cb/img/datalight/main.jpg]
[cdn.cuberto.com/cb/img/datalight/2.jpg]
[cdn.cuberto.com/cb/img/datalight/3.png]
[cdn.cuberto.com/cb/img/datalight/5.jpg]
[cdn.cuberto.com/cb/img/datalight/4.png]
[cdn.cuberto.com/cb/img/datalight/6.png]
[cdn.cuberto.com/cb/img/datalight/8.jpg]
[cdn.cuberto.com/cb/img/datalight/9.jpg]
[cdn.cuberto.com/cb/img/datalight/11.jpg]
[cdn.cuberto.com/cb/img/datalight/10.jpg]
[cuberto.com/projects/datalight/index.html]
[cdn.cuberto.com/cb/img/dsx-branding/main.jpg]
[cdn.cuberto.com/cb/img/dsx-branding/1.png]
[cdn.cuberto.com/cb/img/dsx-branding/2.png]
[cdn.cuberto.com/cb/img/dsx-branding/3.png]
[cdn.cuberto.com/cb/img/dsx-branding/5.jpg]
[cdn.cuberto.com/cb/img/dsx-branding/7.png]
[cdn.cuberto.com/cb/img/dsx-branding/4.png]
[cdn.cuberto.com/cb/img/dsx-branding/6.png]
[cdn.cuberto.com/cb/img/dsx-branding/9.jpg]
[cdn.cuberto.com/cb/img/dsx-branding/10.png]
[cdn.cuberto.com/cb/img/dsx-branding/12.png]
[cdn.cuberto.com/cb/img/dsx-branding/13.png]
[cuberto.com/projects/dsx-branding/index.html]
[cdn.cuberto.com/cb/img/about/2.jpg]
[cdn.cuberto.com/cb/img/about/4.jpg]
[cuberto.com/docs/feedback/rallyreader.pdf]
[cdn.cuberto.com/cb/img/about/6.jpg]
[cdn.cuberto.com/cb/img/services/4.jpg]
[cdn.cuberto.com/cb/img/services/advantage/1.png]
[cdn.cuberto.com/cb/upload/01766875a3310148382f688ac5efc17b.png]
[img.youtube.com/vi/VIjZSJB1uyc/maxresdefault.jpg]
[cuberto.com/tutorials/35/index.html]
[cdn.cuberto.com/cb/upload/6168abe4c24385ac03eb2cae4e1c9b0f.png]
[img.youtube.com/vi/G87h4K5RJxs/maxresdefault.jpg]
[cuberto.com/tutorials/34/index.html]
[cdn.cuberto.com/cb/upload/201ccec89bef968c786826f1da878c0c.png]
[cuberto.com/tutorials/33/index.html]
[cdn.cuberto.com/cb/upload/ce2c43d7ced28b395d15e3b0aa0a2f77.png]
[cuberto.com/tutorials/32/index.html]
[cdn.cuberto.com/cb/upload/5884979240c41338a3596a5b93f0166c.png]
[cuberto.com/tutorials/31/index.html]
[cdn.cuberto.com/cb/upload/8625f955c5e52b0d1a0fdbf356989f64.png]
[cuberto.com/tutorials/30/index.html]
[cdn.cuberto.com/cb/upload/dbad58e6d370736fb98b497ea601f1aa.png]
[cuberto.com/tutorials/29/index.html]
[cdn.cuberto.com/cb/upload/3c2728ec6cc21563e37fb42223981c83.png]
[cuberto.com/tutorials/28/index.html]
[cdn.cuberto.com/cb/upload/8518f4371ee69345f452fe964e533fb6.png]
[cuberto.com/tutorials/27/index.html]
[cdn.cuberto.com/cb/upload/c38bb4f7aeb2bd199af95937628c8889.png]
[cuberto.com/tutorials/26/index.html]
[cdn.cuberto.com/cb/upload/d5ae8bd0bc1b64ea514d72d84625d613.png]
[cuberto.com/tutorials/25/index.html]
[cdn.cuberto.com/cb/upload/63ebc5664567e94b56b56b328a333668.png]
[cuberto.com/tutorials/24/index.html]
[cdn.cuberto.com/cb/upload/c1fd781a32e8f2b2607314005a066ed5.png]
[img.youtube.com/vi/QM3z4IEc4I0/maxresdefault.jpg]
[cuberto.com/tutorials/23/index.html]
[cdn.cuberto.com/cb/upload/a24e7a47f3d1749e856e1c70c1dadd33.png]
[img.youtube.com/vi/MDRRVHPQlus/maxresdefault.jpg]
[cuberto.com/tutorials/22/index.html]
[cdn.cuberto.com/cb/upload/c939a1c5718171246b575b420003d062.png]
[cuberto.com/tutorials/21/index.html]
[cdn.cuberto.com/cb/upload/42afa4ddc89294a7d37c04c103748025.png]
[img.youtube.com/vi/o1f3AjY6SzE/maxresdefault.jpg]
[cuberto.com/tutorials/20/index.html]
[cdn.cuberto.com/cb/upload/9b58ca47a0ae09b59311e073d12eada4.png]
[img.youtube.com/vi/b0WwP2w_qlY/maxresdefault.jpg]
[cuberto.com/tutorials/19/index.html]
[cdn.cuberto.com/cb/upload/685f53ac7a3fd6aec1394713f058eb5e.png]
[img.youtube.com/vi/r8XHDqr3dKA/maxresdefault.jpg]
[cuberto.com/tutorials/18/index.html]
[cdn.cuberto.com/cb/upload/c259c53adfa46e52057ad98dc131c2db.png]
[img.youtube.com/vi/9Q_lSpEnFYM/maxresdefault.jpg]
[cuberto.com/tutorials/17/index.html]
[cdn.cuberto.com/cb/upload/5580a19803dc593e8fcaab9e3d252f80.png]
[img.youtube.com/vi/p7dbWAENmqE/maxresdefault.jpg]
[cuberto.com/tutorials/16/index.html]
[cdn.cuberto.com/cb/upload/95d6f0cfeedecc785403e64526932cdb.png]
[img.youtube.com/vi/xbfJJnQVoGQ/maxresdefault.jpg]
[cuberto.com/tutorials/15/index.html]
[img.youtube.com/vi/gq9w14ag0ls/maxresdefault.jpg]
[cuberto.com/tutorials/14/index.html]
[cdn.cuberto.com/cb/upload/3af505c0c65cb471dd781d6986de48b6.png]
[img.youtube.com/vi/TsGMAjyGeqk/maxresdefault.jpg]
[cuberto.com/tutorials/13/index.html]
[cdn.cuberto.com/cb/upload/05ce477944c41c721c30dc2b21ff61ea.png]
[img.youtube.com/vi/emSv9TTHZVY/maxresdefault.jpg]
[cuberto.com/tutorials/12/index.html]
[cdn.cuberto.com/cb/upload/a8516f28f015a636b825d54994347688.png]
[img.youtube.com/vi/wir-g_DOE4c/maxresdefault.jpg]
[cuberto.com/tutorials/11/index.html]
[cdn.cuberto.com/cb/upload/21d8f0f3838b00644dc3542ff55724f7.png]
[img.youtube.com/vi/9U-TwMqyiRE/maxresdefault.jpg]
[cuberto.com/tutorials/10/index.html]
[cdn.cuberto.com/cb/upload/df6626fdbb8a3009294a32aab04231af.png]
[img.youtube.com/vi/7gH3iKxwxJI/maxresdefault.jpg]
[cuberto.com/tutorials/9/index.html]
[cdn.cuberto.com/cb/upload/db01a185654231d22d38a67972c8eaf6.png]
[img.youtube.com/vi/zVSvDU17pxE/maxresdefault.jpg]
[cuberto.com/tutorials/8/index.html]
[cdn.cuberto.com/cb/upload/6d589b4f6e373312d76aad7d8da35975.png]
[img.youtube.com/vi/3lE5ish-e44/maxresdefault.jpg]
[cuberto.com/tutorials/7/index.html]
[cdn.cuberto.com/cb/upload/7c1a11440121c9d9dd140f131bb516ce.png]
[img.youtube.com/vi/V6TAA-FgMI8/maxresdefault.jpg]
[cuberto.com/tutorials/6/index.html]
[cdn.cuberto.com/cb/upload/a60eca6e34eff06dd753780836e106cd.png]
[img.youtube.com/vi/KRDKQnGUsTg/maxresdefault.jpg]
[cuberto.com/tutorials/5/index.html]
[cdn.cuberto.com/cb/img/ulesson/main.jpg]
[cdn.cuberto.com/cb/img/ulesson/15.jpg]
[cdn.cuberto.com/cb/img/ulesson/10.png]
[cdn.cuberto.com/cb/img/riyadh/1.jpg]
[cdn.cuberto.com/cb/img/ferrumpipe/10.jpg]
[cdn.cuberto.com/cb/img/sleepiest/main.jpg]
[cdn.cuberto.com/cb/img/sleepiest/1.jpg]
[cdn.cuberto.com/cb/img/sleepiest/4.jpg]
[cdn.cuberto.com/cb/img/flipaclip/5.jpg]
[cdn.cuberto.com/cb/img/flipaclip/7.jpg]
[cdn.cuberto.com/cb/img/nana/4.png]
[cdn.cuberto.com/cb/img/euroauto/8.jpg]
[cdn.cuberto.com/cb/img/euroauto/12.jpg]
[cdn.cuberto.com/cb/img/puntopago/10.jpg]
[cdn.cuberto.com/cb/img/rallyreader/4.jpg]
[cdn.cuberto.com/cb/img/wambi/5.jpg]
[cdn.cuberto.com/cb/img/wambi/9.jpg]
[cdn.cuberto.com/cb/img/monmarche/9.jpg]
[cdn.cuberto.com/cb/img/dsx/7.png]
[cdn.cuberto.com/cb/img/cisco/main.jpg]
[cdn.cuberto.com/cb/img/cisco/7.jpg]
[cdn.cuberto.com/cb/img/cisco/10.jpg]
[cdn.cuberto.com/cb/img/genesis-branding/7.png]
[cdn.cuberto.com/cb/img/sigma/2.png]
[cdn.cuberto.com/cb/img/sigma/3.jpg]
[cdn.cuberto.com/cb/img/sigma/12.jpg]
[cdn.cuberto.com/cb/img/genesis/10.jpg]
[cdn.cuberto.com/cb/img/wickret/9.jpg]
[cdn.cuberto.com/cb/img/consumervoice/1.jpg]
[cdn.cuberto.com/cb/img/ohmhealth/2.png]
[cdn.cuberto.com/cb/img/ohmhealth/16.png]
[cdn.cuberto.com/cb/img/ohmhealth/17.png]
[cdn.cuberto.com/cb/img/raiffeisen/2.png]
[cdn.cuberto.com/cb/img/raiffeisen/3.png]
[cdn.cuberto.com/cb/img/datalight/1.jpg]
[cdn.cuberto.com/cb/img/datalight/7.png]
[cdn.cuberto.com/cb/img/dsx-branding/8.jpg]
[cdn.cuberto.com/cb/img/dsx-branding/11.png]
[cdn.cuberto.com/cb/img/about/2.jpg]
[cdn.cuberto.com/cb/upload/f273e211f1641720536429553dca8fdd.png]
[cdn.cuberto.com/cb/img/riyadh/12.jpg]
[cdn.cuberto.com/cb/img/puntopago/9.jpg]
[cdn.cuberto.com/cb/img/rallyreader/11.jpg]
[cdn.cuberto.com/cb/img/monmarche/1.jpg]
[cdn.cuberto.com/cb/img/cisco/2.jpg]
